Microsoft Windows [版本 10.0.19045.3448]
(c) Microsoft Corporation。保留所有权利。

C:\Users\ASUS>mysql -u root -p;
mysql: [Warning] Using a password on the command line interface can be insecure.
ERROR 1045 (28000): Access denied for user 'root'@'localhost' (using password: YES)

C:\Users\ASUS>mysql -u root -p
Enter password: ******
Welcome to the MySQL monitor.  Commands end with ; or \g.
Your MySQL connection id is 5
Server version: 5.7.43-log MySQL Community Server (GPL)

Copyright (c) 2000, 2023, Oracle and/or its affiliates.

Oracle is a registered trademark of Oracle Corporation and/or its
affiliates. Other names may be trademarks of their respective
owners.

Type 'help;' or '\h' for help. Type '\c' to clear the current input statement.

mysql> create database test10 character set utf8;
Query OK, 1 row affected (0.01 sec)

mysql> use test10;
Database changed
mysql> create table s
    -> (
    -> name varchar(10),
    -> age
    -> );
ERROR 1064 (42000): You have an error in your SQL syntax; check the manual that corresponds to your MySQL server version for the right syntax to use near ')' at line 5
mysql> create table s
    -> (
    -> name varchar(10),
    -> age int );
Query OK, 0 rows affected (0.03 sec)

mysql> insert into
    -> (name,age) values ('name',12);
ERROR 1064 (42000): You have an error in your SQL syntax; check the manual that corresponds to your MySQL server version for the right syntax to use near '(name,age) values ('name',12)' at line 2
mysql> insert into s
    -> (name,age) values ('杨杨',12);
Query OK, 1 row affected (0.01 sec)

mysql> select * from s;
+--------+------+
| name   | age  |
+--------+------+
| 杨杨   |   12 |
+--------+------+
1 row in set (0.00 sec)

mysql>